Info: Starting: Create HDL design files for synthesis
Info: qsys-generate /home/tharaka/Documents/Low-Latency-Visual-Object-Tracking/hardware/rtl/soc_system/microcontroller.qsys --synthesis=VERILOG --output-directory=/home/tharaka/Documents/Low-Latency-Visual-Object-Tracking/hardware/rtl/soc_system/microcontroller/synthesis --family="Cyclone IV E" --part=EP4CE115F29C7
Progress: Loading soc_system/microcontroller.qsys
Progress: Reading input file
Progress: Adding DE2_115_TV_0 [DE2_115_TV 1.0]
Progress: Parameterizing module DE2_115_TV_0
Progress: Adding clk_0 [clock_source 25.1]
Progress: Parameterizing module clk_0
Progress: Adding intel_niosv_m_0 [intel_niosv_m 26.0.0]
Progress: Parameterizing module intel_niosv_m_0
Progress: Adding jtag_uart_0 [altera_avalon_jtag_uart 25.1]
Progress: Parameterizing module jtag_uart_0
Progress: Adding onchip_memory2_0 [altera_avalon_onchip_memory2 25.1]
Progress: Parameterizing module onchip_memory2_0
Progress: Building connections
Progress: Parameterizing connections
Progress: Validating
Progress: Done reading input file
Warning: microcontroller.intel_niosv_m_0: Properties (associatedClock) have been set on interface reset - in composed mode these are ignored
Warning: microcontroller.intel_niosv_m_0: Properties (associatedClock,associatedReset) have been set on interface instruction_manager - in composed mode these are ignored
Warning: microcontroller.intel_niosv_m_0: Properties (associatedClock,associatedReset) have been set on interface data_manager - in composed mode these are ignored
Info: microcontroller.jtag_uart_0: JTAG UART IP input clock need to be at least double (2x) the operating frequency of JTAG TCK on board
Info: microcontroller: Generating "microcontroller" for QUARTUS_SYNTH
Error: invalid command name "generate_synth_files"     while executing "generate_synth_files DE2_115_TV"
Info: DE2_115_TV_0: "microcontroller" instantiated DE2_115_TV "DE2_115_TV_0"
Error: Generation stopped, 6 or more modules remaining
Info: microcontroller: Done "microcontroller" with 8 modules, 31 files
Error: qsys-generate failed with exit code 1: 2 Errors, 3 Warnings
Info: Finished: Create HDL design files for synthesis
