Info: Starting: Create HDL design files for synthesis
Info: qsys-generate /home/tharaka/Documents/Low-Latency-Visual-Object-Tracking/hardware/rtl/soc_system/microcontroller.qsys --synthesis=VERILOG --output-directory=/home/tharaka/Documents/Low-Latency-Visual-Object-Tracking/hardware/rtl/soc_system/microcontroller/synthesis --family="Cyclone IV E" --part=EP4CE115F29C7
Progress: Loading soc_system/microcontroller.qsys
Progress: Reading input file
Progress: Adding DE2_115_TV_0 [DE2_115_TV 1.0]
Progress: Parameterizing module DE2_115_TV_0
Progress: Adding clk_0 [clock_source 25.1]
Progress: Parameterizing module clk_0
Progress: Adding intel_niosv_m_0 [intel_niosv_m 26.0.0]
Progress: Parameterizing module intel_niosv_m_0
Progress: Adding jtag_uart_0 [altera_avalon_jtag_uart 25.1]
Progress: Parameterizing module jtag_uart_0
Progress: Adding onchip_memory2_0 [altera_avalon_onchip_memory2 25.1]
Progress: Parameterizing module onchip_memory2_0
Progress: Building connections
Progress: Parameterizing connections
Progress: Validating
Progress: Done reading input file
Warning: microcontroller.intel_niosv_m_0: Properties (associatedClock) have been set on interface reset - in composed mode these are ignored
Warning: microcontroller.intel_niosv_m_0: Properties (associatedClock,associatedReset) have been set on interface instruction_manager - in composed mode these are ignored
Warning: microcontroller.intel_niosv_m_0: Properties (associatedClock,associatedReset) have been set on interface data_manager - in composed mode these are ignored
Info: microcontroller.jtag_uart_0: JTAG UART IP input clock need to be at least double (2x) the operating frequency of JTAG TCK on board
Info: microcontroller: Generating "microcontroller" for QUARTUS_SYNTH
Info: DE2_115_TV_0: "microcontroller" instantiated DE2_115_TV "DE2_115_TV_0"
Info: intel_niosv_m_0: "microcontroller" instantiated intel_niosv_m "intel_niosv_m_0"
Info: jtag_uart_0: "microcontroller" instantiated altera_avalon_jtag_uart "jtag_uart_0"
Info: onchip_memory2_0: Starting RTL generation for module 'microcontroller_onchip_memory2_0'
Info: onchip_memory2_0:   Generation command is [exec /home/tharaka/src/Quartus/Installation/quartus/linux64/perl/bin/perl -I /home/tharaka/src/Quartus/Installation/quartus/linux64/perl/lib -I /home/tharaka/src/Quartus/Installation/quartus/sopc_builder/bin/europa -I /home/tharaka/src/Quartus/Installation/quartus/sopc_builder/bin -I /home/tharaka/src/Quartus/Installation/quartus/../ip/altera/sopc_builder_ip/common -I /home/tharaka/src/Quartus/Installation/quartus/../ip/altera/sopc_builder_ip/altera_avalon_onchip_memory2 -- /home/tharaka/src/Quartus/Installation/quartus/../ip/altera/sopc_builder_ip/altera_avalon_onchip_memory2/generate_rtl.pl --name=microcontroller_onchip_memory2_0 --dir=/tmp/alt0704_2913648579196576068.dir/0007_onchip_memory2_0_gen/ --quartus_dir=/home/tharaka/src/Quartus/Installation/quartus --verilog --config=/tmp/alt0704_2913648579196576068.dir/0007_onchip_memory2_0_gen//microcontroller_onchip_memory2_0_component_configuration.pl  --do_build_sim=0  ]
Info: onchip_memory2_0: Done RTL generation for module 'microcontroller_onchip_memory2_0'
Info: onchip_memory2_0: "microcontroller" instantiated altera_avalon_onchip_memory2 "onchip_memory2_0"
Info: avalon_st_adapter: Inserting error_adapter: error_adapter_0
Info: avalon_st_adapter_001: Inserting error_adapter: error_adapter_0
Info: avalon_st_adapter_002: Inserting error_adapter: error_adapter_0
Info: avalon_st_adapter_003: Inserting error_adapter: error_adapter_0
Info: avalon_st_adapter_004: Inserting error_adapter: error_adapter_0
Info: mm_interconnect_0: "microcontroller" instantiated altera_mm_interconnect "mm_interconnect_0"
Info: irq_mapper: "microcontroller" instantiated altera_irq_mapper "irq_mapper"
Info: rst_controller: "microcontroller" instantiated altera_reset_controller "rst_controller"
Info: niosv_reset_controller: "Generating: niosv_reset_controller"
Info: hart: "intel_niosv_m_0" instantiated intel_niosv_m_unit "hart"
Info: timer_module: "intel_niosv_m_0" instantiated intel_niosv_timer_msip "timer_module"
Info: dbg_mod: "intel_niosv_m_0" instantiated intel_niosv_dbg_mod "dbg_mod"
Info: Reusing file /home/tharaka/Documents/Low-Latency-Visual-Object-Tracking/hardware/rtl/soc_system/microcontroller/synthesis/submodules/niosv_ram.sv
Info: irq_mapper: "intel_niosv_m_0" instantiated altera_irq_mapper "irq_mapper"
Info: intel_niosv_m_0_data_manager_translator: "mm_interconnect_0" instantiated altera_merlin_master_translator "intel_niosv_m_0_data_manager_translator"
Info: jtag_uart_0_avalon_jtag_slave_translator: "mm_interconnect_0" instantiated altera_merlin_slave_translator "jtag_uart_0_avalon_jtag_slave_translator"
Info: intel_niosv_m_0_data_manager_agent: "mm_interconnect_0" instantiated altera_merlin_master_agent "intel_niosv_m_0_data_manager_agent"
Info: jtag_uart_0_avalon_jtag_slave_agent: "mm_interconnect_0" instantiated altera_merlin_slave_agent "jtag_uart_0_avalon_jtag_slave_agent"
Info: jtag_uart_0_avalon_jtag_slave_agent_rsp_fifo: "mm_interconnect_0" instantiated altera_avalon_sc_fifo "jtag_uart_0_avalon_jtag_slave_agent_rsp_fifo"
Info: router: "mm_interconnect_0" instantiated altera_merlin_router "router"
Info: router_001: "mm_interconnect_0" instantiated altera_merlin_router "router_001"
Info: router_002: "mm_interconnect_0" instantiated altera_merlin_router "router_002"
Info: router_004: "mm_interconnect_0" instantiated altera_merlin_router "router_004"
Info: intel_niosv_m_0_data_manager_limiter: "mm_interconnect_0" instantiated altera_merlin_traffic_limiter "intel_niosv_m_0_data_manager_limiter"
Info: Reusing file /home/tharaka/Documents/Low-Latency-Visual-Object-Tracking/hardware/rtl/soc_system/microcontroller/synthesis/submodules/altera_avalon_sc_fifo.v
Info: Reusing file /home/tharaka/Documents/Low-Latency-Visual-Object-Tracking/hardware/rtl/soc_system/microcontroller/synthesis/submodules/altera_avalon_st_pipeline_base.v
Info: cmd_demux: "mm_interconnect_0" instantiated altera_merlin_demultiplexer "cmd_demux"
Info: cmd_demux_001: "mm_interconnect_0" instantiated altera_merlin_demultiplexer "cmd_demux_001"
Info: cmd_mux: "mm_interconnect_0" instantiated altera_merlin_multiplexer "cmd_mux"
Info: cmd_mux_002: "mm_interconnect_0" instantiated altera_merlin_multiplexer "cmd_mux_002"
Info: Reusing file /home/tharaka/Documents/Low-Latency-Visual-Object-Tracking/hardware/rtl/soc_system/microcontroller/synthesis/submodules/altera_merlin_arbitrator.sv
Info: rsp_demux: "mm_interconnect_0" instantiated altera_merlin_demultiplexer "rsp_demux"
Info: rsp_demux_002: "mm_interconnect_0" instantiated altera_merlin_demultiplexer "rsp_demux_002"
Info: rsp_mux: "mm_interconnect_0" instantiated altera_merlin_multiplexer "rsp_mux"
Info: Reusing file /home/tharaka/Documents/Low-Latency-Visual-Object-Tracking/hardware/rtl/soc_system/microcontroller/synthesis/submodules/altera_merlin_arbitrator.sv
Info: rsp_mux_001: "mm_interconnect_0" instantiated altera_merlin_multiplexer "rsp_mux_001"
Info: Reusing file /home/tharaka/Documents/Low-Latency-Visual-Object-Tracking/hardware/rtl/soc_system/microcontroller/synthesis/submodules/altera_merlin_arbitrator.sv
Info: avalon_st_adapter: "mm_interconnect_0" instantiated altera_avalon_st_adapter "avalon_st_adapter"
Info: niosv_reset_controller: "hart" instantiated intel_niosv_m_unit "niosv_reset_controller"
Info: error_adapter_0: "avalon_st_adapter" instantiated error_adapter "error_adapter_0"
Info: microcontroller: Done "microcontroller" with 33 modules, 120 files
Info: qsys-generate succeeded.
Info: Finished: Create HDL design files for synthesis
